// Jest Snapshot v1, https://goo.gl/fbAQLP

exports[`MapSystem renders lighting 1`] = `
"                                                            
                                                            
                                                            
                                                            
                                                            
                                                            
                            18981                           
                            188811111111111111111111111111  
                  1122222221299984444444444444444444444441  
                  1899999998299921111111111111111111111141  
                  189999999829992                      141  
                  189992999899992                111111141  
                  189999999839992        12222222144444441  
                  189999999839992        19999999141111111  
                  112222222129992        19999999141        
       1111222211         112999211      19992999841        
       1666778872222222222278999761      19999999141        
       1677788889999999999989999861      19999999142222222  
       1677228889999999999989922861      12222222142999992  
       1672992889999999999989299271              142999992  
       1672992889999999999988299271              149992992  
       1677228872233243222277722761   11111111111142999992  
       1666776661188888881166666661   18888888881142999992  
       1111811111199999991166666661   18999999981142222222  
    111111181    19999999112222222211118999999981141        
    299999271    199999991 189999999811899999998114111111111
    299999261    199929991 189999999811899929998114188888881
    299999251    199999991 189999999811899999998114199999991
    299299941    199999991 189992999811899999998114199999991
    299999241    199999991 189999999811899999998114199999991
"
`;

exports[`MapSystem renders only discovered tiles 1`] = `
"                                                            
                                                            
                                                            
                                                            
                                                            
                                                            
                            #.@.#                           
                            #...#                           
                            #.....                          
                            #...###                         
                            #...#                           
                            +...#                           
                            #...#                           
                            #...#                           
                            #...#                           
                            #...#                           
                            .....                           
                            .....                           
                            ..╓–.                           
                            .│██╕                           
                            .╘██│                           
                            ..–╜.                           
                           .......                          
                           .......                          
                           #######                          
                                                            
                                                            
                                                            
                                                            
                                                            
"
`;

exports[`MapSystem renders tiles 1`] = `
"                                                            
                                                            
                                                            
                                                            
                                                            
                                                            
                            #.@.#                           
                            #...##########################  
                  ###########............................#  
                  #.........#...########################.#  
                  #.........#...#                      #.#  
                  #....░....+...#                #######.#  
                  #.........#...#        #########.......#  
                  #.........#...#        #.......#.#######  
                  ###########...#        #.......#.#        
       ##########         ###...###      #...¬...+.#        
       #........###########.......#      #.......#.#        
       #..........................#      #.......#.#######  
       #...╓–.................╓–..#      #########.#.....#  
       #..│██╕...............│██╕.#              #.#.....#  
       #..╘██│...............╘██│.#              #.+..Ô..#  
       #...–╜...#####+#####...–╜..#   ############.#.....#  
       #........##.......##.......#   #.........##.#.....#  
       ####.######.......##.......#   #.........##.#######  
    #######.#    #.......##############.........##.#        
    #.....#.#    #.......# #.........##.........##.#########
    #.....#.#    #...Ó...# #.........##....∞....##.#.......#
    #.....#.#    #.......# #.........##.........##.#.......#
    #..‼..+.#    #.......# #....…....##.........##.#.......#
    #.....#.#    #.......# #.........##.........##.#.......#
"
`;
