// Jest Snapshot v1, https://goo.gl/fbAQLP

exports[`RegionBuilder elevator region creates the region 1`] = `
"     
 ... 
 .↕. 
 ... 
     "
`;

exports[`RegionBuilder elevator region puts corridors at exits 1`] = `
"     
.... 
..↕. 
.... 
     "
`;

exports[`RegionBuilder red region creates the region 1`] = `
"                    ..∏       
 ......... ........ ... ..... 
 ......... ........ ╔╗. ..... 
 ......... ........ ╚╝.◊..... 
 .g....... ........ ...◊..... 
 ......... ........ .╔╗◊..... 
 .........◊........ .╚╝ Â.... 
 ........◊........ ... ....g 
 .........◊........ ...  ◊◊◊  
 ......... ........ ... ..gg. 
 ......... ........ ...◊..... 
 ......... ........ ...◊..... 
 ......... ...cÂ... .╔╗◊ππ... 
 ......... ........ .╚╝ ππ.gg 
    ◊◊◊      ◊◊◊    ...  ◊◊◊  
..............................
..............................
..............................
           ...      ◊◊◊       
 ........ ... .............. 
 .....g... ...◊.............. 
 ......... ...◊.............. 
 ......... ...◊.............. 
 ......... ... .............. 
    ◊◊◊    ...      ◊◊◊       
 .........◊...◊.............. 
 .........◊...◊.............. 
 .........◊...◊.............. 
 ......... ... .............. 
           ...                "
`;

exports[`RegionBuilder red region puts corridors at exits 1`] = `
"               ...            
 ........ .... .∏. ..... .... 
 .....g.. .... ... g..π. .... 
 ........◊.... ... ..gππ◊g... 
 ........◊.... ╔╗. π...π◊.... 
 .......◊.... ╚╝. π..π.◊Â... 
 ........ .... ... ...π. .... 
 ........ .Â.c ... ..ππ. .... 
   ◊◊◊    ◊◊◊  ...  ◊◊◊  ◊◊◊  
..............................
..............................
..............................
             ...  ◊◊◊   ...◊◊◊
 ........... ... ...... ... . 
 g..........◊... ...... ... . 
 ...........◊... ...... ...◊. 
 ..........◊╔╗. ...... ...◊. 
 ........... ╚╝∏ ...... ...◊. 
             ... ...... ... . 
 ........... ... ...... ... . 
 ........... ... ...... ... . 
 ........... ... ...... ...   
 ...........◊...  ◊◊◊   ... . 
 ...........◊╔╗. ...... ... . 
 ...........◊╚╝.◊......◊...◊. 
 ........... ...◊......◊...◊. 
 ........... ...◊......◊...◊. 
 ........... ╔╗. ...... ... . 
 ........... ╚╝. ...... ... . 
             ...        ...   "
`;
