// Jest Snapshot v1, https://goo.gl/fbAQLP

exports[`RegionBuilder creates a region 1`] = `
"                    ...       
 ......... ........ ... ..... 
 ......... ....ππ.. ╔╗. .... 
 ......... ........ ╚╝.◊..... 
 ......... .g..g..π ...◊..... 
 ......... .....g.π .╔╗◊..... 
 .........◊......ππ .╚╝ ..g.. 
 .....g...◊........ ... ..... 
 .........◊..g..... ...  ◊◊◊  
 ......... .π..ππ.. ... ..... 
 ......... .π....g. ╔╗.◊..... 
 ......... ........ ╚╝.◊..... 
 ......... ........ ...◊...g. 
 ......... ........ ... .... 
    ◊◊◊      ◊◊◊    ...  ◊◊◊  
..............................
..............................
..............................
           .╔╗      ◊◊◊       
 ......... .╚╝ .............. 
 ......... ╔╗.◊.............. 
 ......... ╚╝.◊.............. 
 ......... ...◊.............. 
 ......... ... .............. 
    ◊◊◊    ...      ◊◊◊       
 .........◊...◊.............. 
 .........◊...◊.............. 
 .........◊.╔╗◊.............. 
 ......... .╚╝ .............. 
           ...                "
`;
