// Jest Snapshot v1, https://goo.gl/fbAQLP

exports[`RegionCreator creates a region 1`] = `
"                    ∏..       
 ......... .....gg. .╔╗ ..... 
 ......... ........ .╚╝ ...g. 
 ......... ........ .╔╗◊..... 
 ......... ........ .╚╝◊..... 
 ......... ........ ...◊.... 
 .........◊.....g.. ... ..... 
 .....g...◊........ ... ..... 
 .........◊........ ...  ◊◊◊  
 ......... ..g..... ... .... 
 ......... ........ ╔╗.◊..... 
 ......... ........ ╚╝.◊..... 
 ......... ........ ...◊..... 
 ......... g....... ... ...g. 
    ◊◊◊      ◊◊◊    ...  ◊◊◊  
..............................
..............................
..............................
           ...      ◊◊◊       
 ......... .╔╗ .............. 
 ......... .╚╝◊.............. 
 ......... ...◊.............. 
 ......... ...◊.............. 
 ......... ... .............. 
    ◊◊◊    .╔╗      ◊◊◊       
 .........◊.╚╝◊.............. 
 .........◊...◊.............. 
 .........◊...◊.............. 
 ......... .╔╗ .............. 
           .╚╝                "
`;
