// Jest Snapshot v1, https://goo.gl/fbAQLP

exports[`RegionBuilder elevator region creates the region 1`] = `
"     
 ... 
 .↕. 
 ... 
     "
`;

exports[`RegionBuilder elevator region puts corridors at exits 1`] = `
"     
.... 
..↕. 
.... 
     "
`;

exports[`RegionBuilder red region creates the region 1`] = `
"                    ...       
 ......... ........ ... ..... 
 ......... ....ππ.. ╔╗. .... 
 ......... ........ ╚╝.◊..... 
 ......... .g..g..π ...◊..... 
 ......... .....g.π .╔╗◊..... 
 .........◊......ππ .╚╝ ..g.. 
 .....g...◊........ ... ..... 
 .........◊..g..... ...  ◊◊◊  
 ......... .π..ππ.. ... ..... 
 ......... .π....g. ╔╗.◊..... 
 ......... ........ ╚╝.◊..... 
 ......... ........ ...◊...g. 
 ......... ........ ... .... 
    ◊◊◊      ◊◊◊    ...  ◊◊◊  
..............................
..............................
..............................
           .╔╗      ◊◊◊       
 ......... .╚╝ .............. 
 ......... ╔╗.◊.............. 
 ......... ╚╝.◊.............. 
 ......... ...◊.............. 
 ......... ... .............. 
    ◊◊◊    ...      ◊◊◊       
 .........◊...◊.............. 
 .........◊...◊.............. 
 .........◊.╔╗◊.............. 
 ......... .╚╝ .............. 
           ...                "
`;

exports[`RegionBuilder red region puts corridors at exits 1`] = `
"               ╔╗∏            
 ........ .... ╚╝. ..... .... 
 ........ ..π. ╔╗. ..... .... 
 ...g....◊ππππ ╚╝. .....◊... 
 ........◊.π.π ... .....◊.... 
 ........◊.π.. ... .....◊.... 
 ........ g.gπ ╔╗. g... .g.. 
 ........ g..π ╚╝. ..... .... 
   ◊◊◊    ◊◊◊  ...  ◊◊◊  ◊◊◊  
..............................
..............................
..............................
             ...  ◊◊◊   ...◊◊◊
 ........... .╔╗ ...... ... . 
 ...........◊.╚╝ ...... ... . 
 ...........◊... ...... ...◊. 
 ...........◊... ...... ...◊. 
 ........... .╔╗ ...... ...◊. 
             .╚╝ ...... ... . 
 ........... ... ...... ... . 
 ........... ... ...... ... . 
 ........... ... ...... ...   
 ...........◊...  ◊◊◊   ... . 
 ...........◊... ...... ... . 
 ...........◊...◊......◊...◊. 
 ........... ...◊......◊...◊. 
 ........... ...◊......◊...◊. 
 ........... .╔╗ ...... ... . 
 ........... .╚╝ ...... ... . 
             .∏.        ...   "
`;
